- Получите все файлы в текущем каталоге
$ ls -a
.		   .dmrc	  .local	  .ssh				       .viminfo
..		   Documents	  .mozilla	  .sudo_as_admin_successful	       .wget-hsts
3_permissions.txt  Downloads	  .msf4		  Templates			       .Xauthority
.bash_logout	   .face	  Music		  .tmux.conf			       .xsession-errors
.bashrc		   .face.icon	  .mysql_history  .vboxclient-clipboard.pid	       .xsession-errors.old
.bashrc.original   .gnupg	  .npm		  .vboxclient-display-svga-x11.pid     .zsh_history
.cache		   .ICEauthority  payloads	  .vboxclient-draganddrop.pid	       .zshrc
.config		   .java	  Pictures	  .vboxclient-seamless.pid
.dbus		   .john	  .profile	  .vboxclient-vmsvga-session-tty7.pid
Desktop		   .lesshst	  Public	  Videos

- Создайте новую папку «permission»
$ mkdir permission

- Перейдите в этот каталог
$ cd permission

- Создайте новый файл «secretFile» с содержимым «This is very secret info»
$ cat > secretFile <<EOF
> This is very secret info
> EOF

- Измените разрешение этого файла, чтобы никто не мог его прочитать
$ chmod 200 secretFile

- Получите список файлов в текущем каталоге с информацией о разрешениях
$ ls -al
total 12
drwxr-xr-x  2 surelye surelye 4096 Feb 20 10:29 .
drwx------ 23 surelye surelye 4096 Feb 20 10:29 ..
--w-------  1 surelye surelye   25 Feb 20 10:29 secretFile

- Попробуйте прочитать информацию из файла
$ cat secretFile
cat: secretFile: Permission denied