- Распечатайте текущего пользователя
$ whoami
surelye

- Измените свой пароль
$ passwd
Changing password for surelye.
Current password: 
New password: 
Retype new password: 
passwd: password updated successfully

- Добавьте новых пользователей «readUser» и «editUser»
$ sudo su
[sudo] password for surelye: 

# useradd -d /home/readUser readUser
# useradd -d /home/editUser editUser

- Добавьте новые группы «readers» и «editors»
# groupadd readers
# groupadd editors

- Добавьте пользователя «readUser» в группу «readers» и «editUser» в группу «editors»
# usermod -aG readers readUser
# usermod -aG editors editUser

- Создайте «read» и «edit» каталоги с любыми файлами внутри (это могут быть файлы из предыдущих задач)
# mkdir -p /home/readUser/read /home/editUser/edit
# echo "Read File" > /home/readUser/read/file1.txt
# echo "Edit File" > /home/editUser/edit/file2.txt

- Предоставьте группам права доступа к каталогам (доступ только на чтение для группы «readers» к каталогу «read» и полный доступ для группы «editors» к каталогу «edit»)
# chown -R :readers /home/readUser/read
# chmod -R g=r /home/readUser/read
# chown -R :editors /home/editUser/edit
# chmod -R g=rwx /home/editUser/edit

- Попробуйте переключаться между пользователями и читать информацию из файлов
# su readUser
$ whoami
readUser
$ cat /home/readUser/read/file1.txt
cat: /home/readUser/read/file1.txt: Permission denied
$ cat /home/editUser/edit/file2.txt
Edit File
$ su editUser
$ whoami
editUser
$ cat /home/readUser/read/file1.txt
Read File
$ cat /home/editUser/edit/file2.txt
Edit File